// Jest Snapshot v1, https://goo.gl/fbAQLP

exports[`ViewFeedback renders snapshots 1`] = `""`;
